[student@workstation DO180-apps]$ !1209
podman search rhel
INDEX       NAME                                                             DESCRIPTION                                      STARS   OFFICIAL  AUTOMATED
redhat.com  registry.access.redhat.com/rhel7-atomic                                 Red Hat Enterprise Linux Atomic Image is a m...  0                 
redhat.com  registry.access.redhat.com/rhel7/rhel-atomic                            Red Hat Enterprise Linux Atomic Image is a m...  0                 
redhat.com  registry.access.redhat.com/dotnet/dotnet-20-rhel7                       .NET Core 2.0 for RHEL                           0                 
redhat.com  registry.access.redhat.com/dotnet/dotnetcore-10-rhel7                   .NET Core 1.0 for RHEL                           0                 
redhat.com  registry.access.redhat.com/dotnet/dotnetcore-11-rhel7                   .NET Core 1.1 for RHEL                           0                 
redhat.com  registry.access.redhat.com/rhel-atomic                                  Red Hat Enterprise Linux Atomic Image is a m...  0                 
redhat.com  registry.access.redhat.com/rhel7-minimal                                Red Hat Enterprise Linux Minimal Image is a ...  0                 
redhat.com  registry.access.redhat.com/rhel-minimal                                 Red Hat Enterprise Linux Minimal Image is a ...  0                 
redhat.com  registry.access.redhat.com/rhel7-rhel-minimal                           Red Hat Enterprise Linux Minimal Image is a ...  0                 
redhat.com  registry.access.redhat.com/rhceph/rhceph-3-dashboard-rhel7              Red Hat Ceph Storage 3 Dashboard                 0                 
redhat.com  registry.access.redhat.com/dotnet/dotnet-20-runtime-rhel7               .NET Core 2.0 runtime for RHEL                   0                 
redhat.com  registry.access.redhat.com/dotnet/dotnet-21-runtime-rhel7               .NET Core 2.1 runtime for RHEL                   0                 
redhat.com  registry.access.redhat.com/dotnet/dotnet-22-runtime-rhel7               .NET Core 2.2 runtime only on RHEL 7             0                 
redhat.com  registry.access.redhat.com/rhgs3/rhgs-server-rhel7                      containerized Red Hat Gluster Storage image ...  0                 
redhat.com  registry.access.redhat.com/dotnet/dotnet-20-jenkins-slave-rhel7         .NET Core 2.0 Jenkins Slave for RHEL             0                 
redhat.com  registry.access.redhat.com/rhgs3/rhgs-volmanager-rhel7                  Management Service Instance responsible for ...  0                 
redhat.com  registry.access.redhat.com/rhgs3/rhgs-s3-server-rhel7                   Containerized S3 server image for Red Hat Gl...  0                 
redhat.com  registry.access.redhat.com/dotnet/dotnet-21-rhel7                       .NET Core 2.1 for RHEL                           0                 
redhat.com  registry.access.redhat.com/dotnet/dotnet-21-jenkins-slave-rhel7         .NET Core 2.1 Jenkins Slave for RHEL             0                 
redhat.com  registry.access.redhat.com/dotnet/dotnet-22-jenkins-slave-rhel7         .NET Core 2.2 Jenkins Slave for RHEL             0                 
redhat.com  registry.access.redhat.com/dotnet/dotnet-22-rhel7                       .NET Core 2.2 SDK and Runtime for RHEL 7         0                 
redhat.com  registry.access.redhat.com/rhgs3/rhgs-gluster-block-prov-rhel7          Containerized Gluster-block Provisioner imag...  0                 
redhat.com  registry.access.redhat.com/codeready-workspaces-beta/stacks-java-rhel8  Red Hat CodeReady Workspaces - RHEL 8 Beta J...  0                 
redhat.com  registry.access.redhat.com/rhel7/rhel                                   This platform image provides a minimal runti...  0                 
redhat.com  registry.access.redhat.com/rhel                                         This platform image provides a minimal runti...  0                 
quay.io     quay.io/app-sre/rhel-fabric8-analytics-stack-report-ui                  fabric8 analytics stack report is a stack an...  0                 
quay.io     quay.io/thoth-station/solver-rhel-8-py36                                url: [https://github.com/thoth-station/solve...  0                 
quay.io     quay.io/thoth-station/solver-rhel-8-py38                                url: [https://github.com/thoth-station/solve...  0                 
quay.io     quay.io/prophetstor/alameda-datahub-rhel                                                                                 0                 
quay.io     quay.io/prophetstor/alameda-admission-rhel                                                                               0                 
quay.io     quay.io/prophetstor/alameda-evictioner-rhel                                                                              0                 
quay.io     quay.io/prophetstor/alameda-operator-rhel                                                                                0                 
quay.io     quay.io/openstack-k8s-operators/rhel-downloader                                                                          0                 
quay.io     quay.io/migi/rhel-downloader                                                                                             0                 
quay.io     quay.io/miburke/dci-rhel-agent                                                                                           0                 
quay.io     quay.io/fcarrus/rhel-iperf3                                                                                              0                 
quay.io     quay.io/distributedci/dci-rhel-agent                                    # DCI RHEL Agent `dci-rhel-agent` provides R...  0                 
quay.io     quay.io/jpinkney/rhel-dashboard                                                                                          0                 
quay.io     quay.io/openshift-cnv/qe-cnv-tests-rhel                                                                                  0                 
quay.io     quay.io/radiantsolutions/rhel-minimal                                                                                    0                 
quay.io     quay.io/grishgo/marketplace-csi-driver-rhel-base                                                                         0                 
quay.io     quay.io/app-sre/rhel-base-fabric8-analytics-stack-report-ui             fabric8 analytics stack report base image        0                 
quay.io     quay.io/pedropopopo1/rhel                                                                                                0                 
quay.io     quay.io/wavefront/wavefront-operator-rhel                                                                                0                 
quay.io     quay.io/mschuppe/rhel-downloader                                                                                         0                 
quay.io     quay.io/fcalo/nsx-ncp-rhel                                                                                               0                 
quay.io     quay.io/dogcalas/rhel                                                                                                    0                 
quay.io     quay.io/osd-addons/rhoams-rhoam-1-rhel-8-operator                                                                        0                 
quay.io     quay.io/jhocutt/rhel-sync                                                                                                0                 
quay.io     quay.io/kubespray/vm-rhel-server-7                                                                                       0                 

[student@workstation DO180-apps]$ podman pull rhel
Resolved "rhel" as an alias (/etc/containers/registries.conf.d/rhel-shortnames.conf)
Trying to pull registry.access.redhat.com/rhel:latest...
Getting image source signatures
Checking if image destination supports signatures
Copying blob e2cbb7720081 done  
Copying blob 6a9adb09cd70 done  
Copying config 2664aa1985 done  
Writing manifest to image destination
Storing signatures
2664aa19856f13a3909f0722b86752bf8a9b103f7acbeb652c02a472606c9193

[student@workstation ~]$ podman images
REPOSITORY                                                                                 TAG     IMAGE ID      CREATED       SIZE
localhost/s2i-sample-app                                                                   latest  df405ccf7cf3  46 hours ago  254 MB
localhost/s2i-do288-httpd                                                                  latest  2efb99096554  46 hours ago  254 MB
localhost/do288-apache                                                                     latest  3c1a44410a8b  3 days ago    236 MB
quay.io/lily_jing/do288-apache                                                             latest  3c1a44410a8b  3 days ago    236 MB
registry.access.redhat.com/rhscl/httpd-24-rhel7                                            latest  76f66bb29538  3 weeks ago   333 MB
registry.access.redhat.com/rhel                                                            latest  2664aa19856f  6 weeks ago   216 MB
registry.access.redhat.com/ubi8/ubi                                                        8.4     b1e63aaae5cf  3 months ago  233 MB
default-route-openshift-image-registry.apps.na46.prod.nextcle.com/adbzrx-common2/ubi-info  1.0     35de0dda82a8  2 years ago   216 MB
quay.io/lily_jing/ubi-sleep                                                                1.0     3c63b4841913  2 years ago   216 MB
quay.io/redhattraining/httpd-parent                                                        latest  4346d3cace25  2 years ago   236 MB


[student@workstation ~]$ podman images
REPOSITORY                                                                                 TAG     IMAGE ID      CREATED       SIZE
localhost/s2i-sample-app                                                                   latest  df405ccf7cf3  46 hours ago  254 MB
localhost/s2i-do288-httpd                                                                  latest  2efb99096554  46 hours ago  254 MB
localhost/do288-apache                                                                     latest  3c1a44410a8b  3 days ago    236 MB
quay.io/lily_jing/do288-apache                                                             latest  3c1a44410a8b  3 days ago    236 MB
registry.access.redhat.com/rhscl/httpd-24-rhel7                                            latest  76f66bb29538  3 weeks ago   333 MB
registry.access.redhat.com/rhel                                                            latest  2664aa19856f  6 weeks ago   216 MB
registry.access.redhat.com/ubi8/ubi                                                        8.4     b1e63aaae5cf  3 months ago  233 MB
default-route-openshift-image-registry.apps.na46.prod.nextcle.com/adbzrx-common2/ubi-info  1.0     35de0dda82a8  2 years ago   216 MB
quay.io/lily_jing/ubi-sleep                                                                1.0     3c63b4841913  2 years ago   216 MB
quay.io/redhattraining/httpd-parent                                                        latest  4346d3cace25  2 years ago   236 MB

[student@workstation ~]$ podman run --name mysql-custom \
> -e MYSQL_USER=redhat -e MYSQL_PASSWORD=r3dh4t \
> -e MYSQL_ROOT_PASSWORD=r3dh4t \
> -d registry.redhat.io/rhel8/mysql-80
Trying to pull registry.redhat.io/rhel8/mysql-80:latest...
  unable to retrieve auth token: invalid username/password: unauthorized: Please login to the Red Hat Registry using your Customer Portal credentials. Further instructions can be found here: https://access.redhat.com/RegistryAuthentication
Error: Error initializing source docker://registry.redhat.io/rhel8/mysql-80:latest: unable to retrieve auth token: invalid username/password: unauthorized: Please login to the Red Hat Registry using your Customer Portal credentials. Further instructions can be found here: https://access.redhat.com/RegistryAuthentication

[student@workstation ~]$ podman login registry.redhat.io
Username: lily.jing
Password: 
Login Succeeded!
[student@workstation ~]$ podman run --name mysql-custom -e MYSQL_USER=redhat -e MYSQL_PASSWORD=r3dh4t -e MYSQL_ROOT_PASSWORD=r3dh4t -d registry.redhat.io/rhel8/mysql-80
Trying to pull registry.redhat.io/rhel8/mysql-80:latest...
Getting image source signatures
Checking if image destination supports signatures
Copying blob 8671113e1c57 done  
Copying blob 5dcbdc60ea6b done  
Copying blob 79a56ba04a30 done  
Copying blob 92b96a23baf1 done  
Copying config 61643125ec done  
Writing manifest to image destination
Storing signatures
2e2e5cb483ccf2e7f5056d7dbfd0d5ac1a899d2dd5969ec6866e638c8f74b6ea



[student@workstation ~]$ mkdir /home/student/dbfiles
[student@workstation ~]$ podman unshare chown -R 27:27 /home/student/dbfiles
[student@workstation ~]$ ls
[student@workstation ~]$ sudo semanage fcontext -a -t container_file_t '/home/student/dbfiles(/.*)?'
[student@workstation ~]$ sudo restorecon -Rv /home/student/dbfiles
Relabeled /home/student/dbfiles from unconfined_u:object_r:user_home_t:s0 to unconfined_u:object_r:container_file_t:s0
[student@workstation ~]$ podman pull registry.redhat.io/rhel8/mysql-80:1
Trying to pull registry.redhat.io/rhel8/mysql-80:1...
Getting image source signatures
Checking if image destination supports signatures
Copying blob 5dcbdc60ea6b skipped: already exists  
Copying blob 92b96a23baf1 skipped: already exists  
Copying blob 8671113e1c57 [--------------------------------------] 0.0b / 0.0b
Copying blob 79a56ba04a30 [--------------------------------------] 0.0b / 0.0b
Copying config 61643125ec done  
Writing manifest to image destination
Storing signatures
61643125ec3716cfa4b7ce0e07ea07bc9c6387e8ce82df7f8b6fddc65eee1d4a
[student@workstation ~]$ podman run --name persist-db \
> -d -v /home/student/dbfiles:/var/lib/mysql/data \
> -e MYSQL_USER=user1 -e MYSQL_PASSWORD=mypa55 \
> -e MYSQL_DATABASE=items -e MYSQL_ROOT_PASSWORD=r00tpa55 \
> registry.redhat.io/rhel8/mysql-80:1
9d3ba94379c4bb845a1e6c86c75f1cc4d3c1983f4d8aea7ea68a249446d204ec
[student@workstation ~]$ podman ps --format="{{.ID}} {{.Names}} {{.Status}}"
2e2e5cb483cc mysql-custom Up 3 hours ago
9d3ba94379c4 persist-db Up 42 seconds ago
[student@workstation ~]$ ls /home/student/dbfiles
 9d3ba94379c4.pid   ca.pem               ibdata1         mysql                server-cert.pem
 auto.cnf           client-cert.pem      ib_logfile0     mysql.ibd            server-key.pem
 binlog.000001      client-key.pem       ib_logfile1     mysql_upgrade_info   sys
 binlog.000002     '#ib_16384_0.dblwr'   ibtmp1          performance_schema   undo_001
 binlog.index      '#ib_16384_1.dblwr'  '#innodb_temp'   private_key.pem      undo_002
 ca-key.pem         ib_buffer_pool       items           public_key.pem



